A51 MACRO ASSEMBLER  A                                                                    03/10/2024 12:12:50 PAGE     1


MACRO ASSEMBLER A51 V8.2.5.0
OBJECT MODULE PLACED IN .\Objects\a.obj
ASSEMBLER INVOKED BY: C:\Keil_v5\C51\BIN\A51.EXE a.a51 SET(SMALL) DEBUG PRINT(.\Listings\a.lst) OBJECT(.\Objects\a.obj) EP

LOC  OBJ            LINE     SOURCE

                       1     PROG SEGMENT CODE

                       2             

----                   3     CSEG AT 0

0000 020000   F        4     JMP start

                       5     

----                   6     RSEG PROG

0000                   7             start:

0000 C2A5              8                     CLR P2.5        ; ustawia 5 bit na porcie 2 na 0

0002 75A0AA            9                     MOV P2,#0AAh; ustawia na porcie 2 wartosc 10101010(2)

0005 80FE             10             SJMP $

                      11     END

A51 MACRO ASSEMBLER  A                                                                    03/10/2024 12:12:50 PAGE     2

SYMBOL TABLE LISTING
------ ----- -------


N A M E             T Y P E  V A L U E   ATTRIBUTES

P2 . . . . . . . .  D ADDR   00A0H   A   
PROG . . . . . . .  C SEG    0007H       REL=UNIT
START. . . . . . .  C ADDR   0000H   R   SEG=PROG


REGISTER BANK(S) USED: 0 


ASSEMBLY COMPLETE.  0 WARNING(S), 0 ERROR(S)
